// Jest Snapshot v1, https://goo.gl/fbAQLP

exports[`Main component renders Main 1`] = `
<Fragment>
  <main>
    <HistoryContainer
      history={Array []}
      onClearHistoryClick={[Function]}
      onLoadHistoryItemClick={[Function]}
    />
    <section>
      <RequestForm
        authPassword=""
        authPasswordPlaceholder="Password"
        authToken=""
        authTokenPlaceholder="Bearer Token"
        authType=""
        authUsername=""
        authUsernamePlaceholder="Username"
        body=""
        method="GET"
        onAuthPasswordChange={[Function]}
        onAuthTokenChange={[Function]}
        onAuthTypeChange={[Function]}
        onAuthUsernameChange={[Function]}
        onBodyChange={[Function]}
        onMethodChange={[Function]}
        onSubmit={[Function]}
        onUrlChange={[Function]}
        url="http://jsonplaceholder.typicode.com/posts"
      />
      <ResultsContainer
        error=""
        loading={false}
        res={Array []}
      />
    </section>
  </main>
</Fragment>
`;
